[22/Jul/2016:11:30:27 +0200] category=CORE severity=NOTICE msgID=458886 msg=OpenDJ 2.6.2 (build 20150306161742Z, R-1) starting up
[22/Jul/2016:11:30:28 +0200] category=RUNTIME_INFORMATION severity=NOTICE msgID=20381717 msg=Installation Directory:  /opt/opendj-2.6.2
[22/Jul/2016:11:30:28 +0200] category=RUNTIME_INFORMATION severity=NOTICE msgID=20381719 msg=Instance Directory:      /opt/opendj-2.6.2
[22/Jul/2016:11:30:28 +0200] category=RUNTIME_INFORMATION severity=NOTICE msgID=20381713 msg=JVM Information: 1.8.0_91-8u91-b14-0ubuntu4~16.04.1-b14 by Oracle Corporation, 64-bit architecture, 3711959040 bytes heap size
[22/Jul/2016:11:30:28 +0200] category=RUNTIME_INFORMATION severity=NOTICE msgID=20381714 msg=JVM Host: triglav.nlight.eu, running Linux 4.4.0-24-generic amd64, 16696905728 bytes physical memory size, number of processors available 8
[22/Jul/2016:11:30:28 +0200] category=RUNTIME_INFORMATION severity=NOTICE msgID=20381715 msg=JVM Arguments: "-Dorg.opends.server.scriptName=start-ds"
[22/Jul/2016:11:30:28 +0200] category=JEB severity=NOTICE msgID=8847402 msg=The database backend userRoot containing 9 entries has started
[22/Jul/2016:11:30:29 +0200] category=EXTENSIONS severity=NOTICE msgID=1507549 msg=DIGEST-MD5 SASL mechanism using a server fully qualified domain name of: localhost
[22/Jul/2016:11:30:29 +0200] category=SYNC severity=NOTICE msgID=15139020 msg=Replication server RS(9664) started listening for new connections on address 0.0.0.0 port 10989
[22/Jul/2016:11:30:29 +0200] category=SYNC severity=NOTICE msgID=15138878 msg=Directory server DS(23955) has connected to replication server RS(9664) for domain "cn=admin data" at localhost/127.0.0.1:10989 with generation ID 113844
[22/Jul/2016:11:30:29 +0200] category=SYNC severity=SEVERE_WARNING msgID=14811232 msg=Directory server DS(161) has connected to replication server RS(9664) for domain "dc=example,dc=com" at localhost/127.0.0.1:10989, but the generation IDs do not match, indicating that a full re-initialization is required. The local (DS) generation ID is 135297 and the remote (RS) generation ID is 19681402
[22/Jul/2016:11:30:29 +0200] category=SYNC severity=SEVERE_WARNING msgID=14811272 msg=Replication server RS(9664) not sending update 00000153cc7cb24700a10000000a for domain "dc=example,dc=com" to directory server DS(161) at localhost/127.0.0.1:36752 because its generation ID 135297 is different to the local generation ID 19681402
[22/Jul/2016:11:30:29 +0200] category=SYNC severity=SEVERE_WARNING msgID=14811272 msg=Replication server RS(9664) not sending update 0000015611dceaf500a10000000b for domain "dc=example,dc=com" to directory server DS(161) at localhost/127.0.0.1:36752 because its generation ID 135297 is different to the local generation ID 19681402
[22/Jul/2016:11:30:29 +0200] category=SYNC severity=SEVERE_WARNING msgID=14811272 msg=Replication server RS(9664) not sending update 0000015611dd4a5300a10000000c for domain "dc=example,dc=com" to directory server DS(161) at localhost/127.0.0.1:36752 because its generation ID 135297 is different to the local generation ID 19681402
[22/Jul/2016:11:30:29 +0200] category=SYNC severity=SEVERE_WARNING msgID=14811272 msg=Replication server RS(9664) not sending update 0000015611e4c6f300a10000000d for domain "dc=example,dc=com" to directory server DS(161) at localhost/127.0.0.1:36752 because its generation ID 135297 is different to the local generation ID 19681402
[22/Jul/2016:11:30:29 +0200] category=SYNC severity=NOTICE msgID=15138878 msg=Directory server DS(17438) has connected to replication server RS(9664) for domain "cn=schema" at localhost/127.0.0.1:10989 with generation ID 8408
[22/Jul/2016:11:30:29 +0200] category=PROTOCOL severity=NOTICE msgID=2556180 msg=Started listening for new connections on Administration Connector 0.0.0.0 port 10444
[22/Jul/2016:11:30:29 +0200] category=PROTOCOL severity=NOTICE msgID=2556180 msg=Started listening for new connections on LDAP Connection Handler 0.0.0.0 port 10389
[22/Jul/2016:11:30:29 +0200] category=CORE severity=NOTICE msgID=458887 msg=The Directory Server has started successfully
[22/Jul/2016:11:30:29 +0200] category=CORE severity=NOTICE msgID=458891 msg=The Directory Server has sent an alert notification generated by class org.opends.server.core.DirectoryServer (alert type org.opends.server.DirectoryServerStarted, alert ID 458887):  The Directory Server has started successfully
